::1 - - [16/Jun/2026:22:48:48 +0000] "OPTIONS /api/auth/login HTTP/1.1" 204 0 "http://localhost:5173/" "Mozilla/5.0 (Windows NT 10.0; Win64; x64) AppleWebKit/537.36 (KHTML, like Gecko) Code/1.123.0 Chrome/148.0.7778.97 Electron/42.2.0 Safari/537.36"
::1 - - [16/Jun/2026:22:48:49 +0000] "POST /api/auth/login HTTP/1.1" 200 253 "http://localhost:5173/" "Mozilla/5.0 (Windows NT 10.0; Win64; x64) AppleWebKit/537.36 (KHTML, like Gecko) Code/1.123.0 Chrome/148.0.7778.97 Electron/42.2.0 Safari/537.36"
::1 - - [16/Jun/2026:22:48:54 +0000] "OPTIONS /api/jokes?category=Any&lang=en&amount=1 HTTP/1.1" 204 0 "http://localhost:5173/" "Mozilla/5.0 (Windows NT 10.0; Win64; x64) AppleWebKit/537.36 (KHTML, like Gecko) Code/1.123.0 Chrome/148.0.7778.97 Electron/42.2.0 Safari/537.36"
::1 - - [16/Jun/2026:22:48:54 +0000] "GET /api/jokes?category=Any&lang=en&amount=1 HTTP/1.1" 200 252 "http://localhost:5173/" "Mozilla/5.0 (Windows NT 10.0; Win64; x64) AppleWebKit/537.36 (KHTML, like Gecko) Code/1.123.0 Chrome/148.0.7778.97 Electron/42.2.0 Safari/537.36"
::1 - - [16/Jun/2026:22:49:13 +0000] "OPTIONS /api/jokes?category=Any&lang=pt&amount=1 HTTP/1.1" 204 0 "http://localhost:5173/" "Mozilla/5.0 (Windows NT 10.0; Win64; x64) AppleWebKit/537.36 (KHTML, like Gecko) Code/1.123.0 Chrome/148.0.7778.97 Electron/42.2.0 Safari/537.36"
::1 - - [16/Jun/2026:22:49:14 +0000] "GET /api/jokes?category=Any&lang=pt&amount=1 HTTP/1.1" 200 220 "http://localhost:5173/" "Mozilla/5.0 (Windows NT 10.0; Win64; x64) AppleWebKit/537.36 (KHTML, like Gecko) Code/1.123.0 Chrome/148.0.7778.97 Electron/42.2.0 Safari/537.36"
::1 - - [16/Jun/2026:22:49:58 +0000] "OPTIONS /api/jokes HTTP/1.1" 204 0 "http://localhost:5173/" "Mozilla/5.0 (Windows NT 10.0; Win64; x64) AppleWebKit/537.36 (KHTML, like Gecko) Code/1.123.0 Chrome/148.0.7778.97 Electron/42.2.0 Safari/537.36"
::1 - - [16/Jun/2026:22:49:58 +0000] "POST /api/jokes HTTP/1.1" 201 48 "http://localhost:5173/" "Mozilla/5.0 (Windows NT 10.0; Win64; x64) AppleWebKit/537.36 (KHTML, like Gecko) Code/1.123.0 Chrome/148.0.7778.97 Electron/42.2.0 Safari/537.36"
::1 - - [16/Jun/2026:22:50:12 +0000] "OPTIONS /api/jokes?category=Misc&lang=pt&amount=1&type=single&safe=true HTTP/1.1" 204 0 "http://localhost:5173/" "Mozilla/5.0 (Windows NT 10.0; Win64; x64) AppleWebKit/537.36 (KHTML, like Gecko) Code/1.123.0 Chrome/148.0.7778.97 Electron/42.2.0 Safari/537.36"
::1 - - [16/Jun/2026:22:50:12 +0000] "GET /api/jokes?category=Misc&lang=pt&amount=1&type=single&safe=true HTTP/1.1" 200 198 "http://localhost:5173/" "Mozilla/5.0 (Windows NT 10.0; Win64; x64) AppleWebKit/537.36 (KHTML, like Gecko) Code/1.123.0 Chrome/148.0.7778.97 Electron/42.2.0 Safari/537.36"
::1 - - [16/Jun/2026:22:50:23 +0000] "OPTIONS /api/jokes?category=Misc&lang=pt&amount=3&type=single&safe=true HTTP/1.1" 204 0 "http://localhost:5173/" "Mozilla/5.0 (Windows NT 10.0; Win64; x64) AppleWebKit/537.36 (KHTML, like Gecko) Code/1.123.0 Chrome/148.0.7778.97 Electron/42.2.0 Safari/537.36"
::1 - - [16/Jun/2026:22:50:23 +0000] "GET /api/jokes?category=Misc&lang=pt&amount=3&type=single&safe=true HTTP/1.1" 200 198 "http://localhost:5173/" "Mozilla/5.0 (Windows NT 10.0; Win64; x64) AppleWebKit/537.36 (KHTML, like Gecko) Code/1.123.0 Chrome/148.0.7778.97 Electron/42.2.0 Safari/537.36"
::1 - - [16/Jun/2026:22:50:29 +0000] "OPTIONS /api/jokes?category=Misc&lang=pt&amount=3&type=single&safe=true HTTP/1.1" 204 0 "http://localhost:5173/" "Mozilla/5.0 (Windows NT 10.0; Win64; x64) AppleWebKit/537.36 (KHTML, like Gecko) Code/1.123.0 Chrome/148.0.7778.97 Electron/42.2.0 Safari/537.36"
::1 - - [16/Jun/2026:22:50:29 +0000] "GET /api/jokes?category=Misc&lang=pt&amount=3&type=single&safe=true HTTP/1.1" 200 197 "http://localhost:5173/" "Mozilla/5.0 (Windows NT 10.0; Win64; x64) AppleWebKit/537.36 (KHTML, like Gecko) Code/1.123.0 Chrome/148.0.7778.97 Electron/42.2.0 Safari/537.36"
::1 - - [16/Jun/2026:22:50:32 +0000] "OPTIONS /api/jokes?category=Misc&lang=pt&amount=3&type=single HTTP/1.1" 204 0 "http://localhost:5173/" "Mozilla/5.0 (Windows NT 10.0; Win64; x64) AppleWebKit/537.36 (KHTML, like Gecko) Code/1.123.0 Chrome/148.0.7778.97 Electron/42.2.0 Safari/537.36"
::1 - - [16/Jun/2026:22:50:32 +0000] "GET /api/jokes?category=Misc&lang=pt&amount=3&type=single HTTP/1.1" 200 198 "http://localhost:5173/" "Mozilla/5.0 (Windows NT 10.0; Win64; x64) AppleWebKit/537.36 (KHTML, like Gecko) Code/1.123.0 Chrome/148.0.7778.97 Electron/42.2.0 Safari/537.36"
::1 - - [16/Jun/2026:22:50:38 +0000] "OPTIONS /api/jokes?category=Misc&lang=en&amount=3&type=single HTTP/1.1" 204 0 "http://localhost:5173/" "Mozilla/5.0 (Windows NT 10.0; Win64; x64) AppleWebKit/537.36 (KHTML, like Gecko) Code/1.123.0 Chrome/148.0.7778.97 Electron/42.2.0 Safari/537.36"
::1 - - [16/Jun/2026:22:50:38 +0000] "GET /api/jokes?category=Misc&lang=en&amount=3&type=single HTTP/1.1" 200 257 "http://localhost:5173/" "Mozilla/5.0 (Windows NT 10.0; Win64; x64) AppleWebKit/537.36 (KHTML, like Gecko) Code/1.123.0 Chrome/148.0.7778.97 Electron/42.2.0 Safari/537.36"
::1 - - [16/Jun/2026:22:50:45 +0000] "OPTIONS /api/jokes?category=Misc&lang=en&amount=5&type=single HTTP/1.1" 204 0 "http://localhost:5173/" "Mozilla/5.0 (Windows NT 10.0; Win64; x64) AppleWebKit/537.36 (KHTML, like Gecko) Code/1.123.0 Chrome/148.0.7778.97 Electron/42.2.0 Safari/537.36"
::1 - - [16/Jun/2026:22:50:45 +0000] "GET /api/jokes?category=Misc&lang=en&amount=5&type=single HTTP/1.1" 200 257 "http://localhost:5173/" "Mozilla/5.0 (Windows NT 10.0; Win64; x64) AppleWebKit/537.36 (KHTML, like Gecko) Code/1.123.0 Chrome/148.0.7778.97 Electron/42.2.0 Safari/537.36"
::1 - - [16/Jun/2026:22:50:56 +0000] "OPTIONS /api/jokes?category=Any&lang=en&amount=5 HTTP/1.1" 204 0 "http://localhost:5173/" "Mozilla/5.0 (Windows NT 10.0; Win64; x64) AppleWebKit/537.36 (KHTML, like Gecko) Code/1.123.0 Chrome/148.0.7778.97 Electron/42.2.0 Safari/537.36"
::1 - - [16/Jun/2026:22:50:56 +0000] "GET /api/jokes?category=Any&lang=en&amount=5 HTTP/1.1" 200 720 "http://localhost:5173/" "Mozilla/5.0 (Windows NT 10.0; Win64; x64) AppleWebKit/537.36 (KHTML, like Gecko) Code/1.123.0 Chrome/148.0.7778.97 Electron/42.2.0 Safari/537.36"
::1 - - [19/Jun/2026:22:58:10 +0000] "OPTIONS /api/auth/login HTTP/1.1" 204 0 "http://localhost:5173/" "Mozilla/5.0 (Windows NT 10.0; Win64; x64) AppleWebKit/537.36 (KHTML, like Gecko) Code/1.124.2 Chrome/148.0.7778.97 Electron/42.2.0 Safari/537.36"
::1 - - [19/Jun/2026:22:58:10 +0000] "POST /api/auth/login HTTP/1.1" 200 251 "http://localhost:5173/" "Mozilla/5.0 (Windows NT 10.0; Win64; x64) AppleWebKit/537.36 (KHTML, like Gecko) Code/1.124.2 Chrome/148.0.7778.97 Electron/42.2.0 Safari/537.36"
::1 - - [19/Jun/2026:22:58:18 +0000] "OPTIONS /api/jokes?category=Any&lang=en&amount=1 HTTP/1.1" 204 0 "http://localhost:5173/" "Mozilla/5.0 (Windows NT 10.0; Win64; x64) AppleWebKit/537.36 (KHTML, like Gecko) Code/1.124.2 Chrome/148.0.7778.97 Electron/42.2.0 Safari/537.36"
::1 - - [19/Jun/2026:22:58:18 +0000] "GET /api/jokes?category=Any&lang=en&amount=1 HTTP/1.1" 200 257 "http://localhost:5173/" "Mozilla/5.0 (Windows NT 10.0; Win64; x64) AppleWebKit/537.36 (KHTML, like Gecko) Code/1.124.2 Chrome/148.0.7778.97 Electron/42.2.0 Safari/537.36"
::1 - - [19/Jun/2026:23:32:46 +0000] "OPTIONS /api/auth/login HTTP/1.1" 204 0 "http://localhost:5173/" "Mozilla/5.0 (Windows NT 10.0; Win64; x64) AppleWebKit/537.36 (KHTML, like Gecko) Code/1.124.2 Chrome/148.0.7778.97 Electron/42.2.0 Safari/537.36"
::1 - - [19/Jun/2026:23:32:46 +0000] "POST /api/auth/login HTTP/1.1" 200 251 "http://localhost:5173/" "Mozilla/5.0 (Windows NT 10.0; Win64; x64) AppleWebKit/537.36 (KHTML, like Gecko) Code/1.124.2 Chrome/148.0.7778.97 Electron/42.2.0 Safari/537.36"
::1 - - [19/Jun/2026:23:32:57 +0000] "OPTIONS /api/auth/logout HTTP/1.1" 204 0 "http://localhost:5173/" "Mozilla/5.0 (Windows NT 10.0; Win64; x64) AppleWebKit/537.36 (KHTML, like Gecko) Code/1.124.2 Chrome/148.0.7778.97 Electron/42.2.0 Safari/537.36"
::1 - - [19/Jun/2026:23:32:57 +0000] "POST /api/auth/logout HTTP/1.1" 200 43 "http://localhost:5173/" "Mozilla/5.0 (Windows NT 10.0; Win64; x64) AppleWebKit/537.36 (KHTML, like Gecko) Code/1.124.2 Chrome/148.0.7778.97 Electron/42.2.0 Safari/537.36"
::1 - - [19/Jun/2026:23:35:51 +0000] "OPTIONS /api/auth/login HTTP/1.1" 204 0 "http://localhost:5173/" "Mozilla/5.0 (Windows NT 10.0; Win64; x64) AppleWebKit/537.36 (KHTML, like Gecko) Code/1.124.2 Chrome/148.0.7778.97 Electron/42.2.0 Safari/537.36"
::1 - - [19/Jun/2026:23:35:51 +0000] "POST /api/auth/login HTTP/1.1" 200 251 "http://localhost:5173/" "Mozilla/5.0 (Windows NT 10.0; Win64; x64) AppleWebKit/537.36 (KHTML, like Gecko) Code/1.124.2 Chrome/148.0.7778.97 Electron/42.2.0 Safari/537.36"
::1 - - [19/Jun/2026:23:37:44 +0000] "OPTIONS /api/jokes?category=Programming&lang=en&amount=1 HTTP/1.1" 204 0 "http://localhost:5173/" "Mozilla/5.0 (Windows NT 10.0; Win64; x64) AppleWebKit/537.36 (KHTML, like Gecko) Code/1.124.2 Chrome/148.0.7778.97 Electron/42.2.0 Safari/537.36"
::1 - - [19/Jun/2026:23:37:44 +0000] "GET /api/jokes?category=Programming&lang=en&amount=1 HTTP/1.1" 200 269 "http://localhost:5173/" "Mozilla/5.0 (Windows NT 10.0; Win64; x64) AppleWebKit/537.36 (KHTML, like Gecko) Code/1.124.2 Chrome/148.0.7778.97 Electron/42.2.0 Safari/537.36"
::1 - - [19/Jun/2026:23:38:19 +0000] "OPTIONS /api/jokes HTTP/1.1" 204 0 "http://localhost:5173/" "Mozilla/5.0 (Windows NT 10.0; Win64; x64) AppleWebKit/537.36 (KHTML, like Gecko) Code/1.124.2 Chrome/148.0.7778.97 Electron/42.2.0 Safari/537.36"
::1 - - [19/Jun/2026:23:38:19 +0000] "POST /api/jokes HTTP/1.1" 201 48 "http://localhost:5173/" "Mozilla/5.0 (Windows NT 10.0; Win64; x64) AppleWebKit/537.36 (KHTML, like Gecko) Code/1.124.2 Chrome/148.0.7778.97 Electron/42.2.0 Safari/537.36"
::1 - - [19/Jun/2026:23:38:29 +0000] "OPTIONS /api/jokes?category=Any&lang=pt&amount=1&contains=teste&safe=true HTTP/1.1" 204 0 "http://localhost:5173/" "Mozilla/5.0 (Windows NT 10.0; Win64; x64) AppleWebKit/537.36 (KHTML, like Gecko) Code/1.124.2 Chrome/148.0.7778.97 Electron/42.2.0 Safari/537.36"
::1 - - [19/Jun/2026:23:38:29 +0000] "GET /api/jokes?category=Any&lang=pt&amount=1&contains=teste&safe=true HTTP/1.1" 200 194 "http://localhost:5173/" "Mozilla/5.0 (Windows NT 10.0; Win64; x64) AppleWebKit/537.36 (KHTML, like Gecko) Code/1.124.2 Chrome/148.0.7778.97 Electron/42.2.0 Safari/537.36"
::1 - - [19/Jun/2026:23:38:33 +0000] "OPTIONS /api/auth/logout HTTP/1.1" 204 0 "http://localhost:5173/" "Mozilla/5.0 (Windows NT 10.0; Win64; x64) AppleWebKit/537.36 (KHTML, like Gecko) Code/1.124.2 Chrome/148.0.7778.97 Electron/42.2.0 Safari/537.36"
::1 - - [19/Jun/2026:23:38:33 +0000] "POST /api/auth/logout HTTP/1.1" 200 43 "http://localhost:5173/" "Mozilla/5.0 (Windows NT 10.0; Win64; x64) AppleWebKit/537.36 (KHTML, like Gecko) Code/1.124.2 Chrome/148.0.7778.97 Electron/42.2.0 Safari/537.36"
::1 - - [19/Jun/2026:23:42:43 +0000] "OPTIONS /api/auth/login HTTP/1.1" 204 0 "http://localhost:5173/" "Mozilla/5.0 (Windows NT 10.0; Win64; x64) AppleWebKit/537.36 (KHTML, like Gecko) Code/1.124.2 Chrome/148.0.7778.97 Electron/42.2.0 Safari/537.36"
::1 - - [19/Jun/2026:23:42:44 +0000] "POST /api/auth/login HTTP/1.1" 200 251 "http://localhost:5173/" "Mozilla/5.0 (Windows NT 10.0; Win64; x64) AppleWebKit/537.36 (KHTML, like Gecko) Code/1.124.2 Chrome/148.0.7778.97 Electron/42.2.0 Safari/537.36"
::1 - - [19/Jun/2026:23:44:52 +0000] "OPTIONS /api/jokes?category=Programming&lang=en&amount=1&type=single HTTP/1.1" 204 0 "http://localhost:5173/" "Mozilla/5.0 (Windows NT 10.0; Win64; x64) AppleWebKit/537.36 (KHTML, like Gecko) Code/1.124.2 Chrome/148.0.7778.97 Electron/42.2.0 Safari/537.36"
::1 - - [19/Jun/2026:23:44:52 +0000] "GET /api/jokes?category=Programming&lang=en&amount=1&type=single HTTP/1.1" 200 269 "http://localhost:5173/" "Mozilla/5.0 (Windows NT 10.0; Win64; x64) AppleWebKit/537.36 (KHTML, like Gecko) Code/1.124.2 Chrome/148.0.7778.97 Electron/42.2.0 Safari/537.36"
::1 - - [19/Jun/2026:23:45:14 +0000] "OPTIONS /api/jokes HTTP/1.1" 204 0 "http://localhost:5173/" "Mozilla/5.0 (Windows NT 10.0; Win64; x64) AppleWebKit/537.36 (KHTML, like Gecko) Code/1.124.2 Chrome/148.0.7778.97 Electron/42.2.0 Safari/537.36"
::1 - - [19/Jun/2026:23:45:14 +0000] "POST /api/jokes HTTP/1.1" 201 48 "http://localhost:5173/" "Mozilla/5.0 (Windows NT 10.0; Win64; x64) AppleWebKit/537.36 (KHTML, like Gecko) Code/1.124.2 Chrome/148.0.7778.97 Electron/42.2.0 Safari/537.36"
::1 - - [19/Jun/2026:23:45:25 +0000] "OPTIONS /api/jokes?category=Any&lang=pt&amount=1&contains=piada HTTP/1.1" 204 0 "http://localhost:5173/" "Mozilla/5.0 (Windows NT 10.0; Win64; x64) AppleWebKit/537.36 (KHTML, like Gecko) Code/1.124.2 Chrome/148.0.7778.97 Electron/42.2.0 Safari/537.36"
::1 - - [19/Jun/2026:23:45:25 +0000] "GET /api/jokes?category=Any&lang=pt&amount=1&contains=piada HTTP/1.1" 200 198 "http://localhost:5173/" "Mozilla/5.0 (Windows NT 10.0; Win64; x64) AppleWebKit/537.36 (KHTML, like Gecko) Code/1.124.2 Chrome/148.0.7778.97 Electron/42.2.0 Safari/537.36"
::1 - - [20/Jun/2026:01:10:29 +0000] "OPTIONS /api/auth/login HTTP/1.1" 204 0 "http://localhost:5174/" "Mozilla/5.0 (Windows NT 10.0; Win64; x64) AppleWebKit/537.36 (KHTML, like Gecko) Code/1.124.2 Chrome/148.0.7778.97 Electron/42.2.0 Safari/537.36"
::1 - - [20/Jun/2026:01:10:40 +0000] "OPTIONS /api/auth/login HTTP/1.1" 204 0 "http://localhost:5174/" "Mozilla/5.0 (Windows NT 10.0; Win64; x64) AppleWebKit/537.36 (KHTML, like Gecko) Code/1.124.2 Chrome/148.0.7778.97 Electron/42.2.0 Safari/537.36"
::1 - - [20/Jun/2026:01:30:36 +0000] "OPTIONS /api/auth/login HTTP/1.1" 204 0 "http://localhost:5173/" "Mozilla/5.0 (Windows NT 10.0; Win64; x64) AppleWebKit/537.36 (KHTML, like Gecko) Code/1.125.1 Chrome/148.0.7778.97 Electron/42.2.0 Safari/537.36"
::1 - - [20/Jun/2026:01:30:36 +0000] "POST /api/auth/login HTTP/1.1" 200 251 "http://localhost:5173/" "Mozilla/5.0 (Windows NT 10.0; Win64; x64) AppleWebKit/537.36 (KHTML, like Gecko) Code/1.125.1 Chrome/148.0.7778.97 Electron/42.2.0 Safari/537.36"
::1 - - [20/Jun/2026:01:32:34 +0000] "OPTIONS /api/auth/login HTTP/1.1" 204 0 "http://localhost:5173/" "Mozilla/5.0 (Windows NT 10.0; Win64; x64) AppleWebKit/537.36 (KHTML, like Gecko) Code/1.125.1 Chrome/148.0.7778.97 Electron/42.2.0 Safari/537.36"
::1 - - [20/Jun/2026:01:32:34 +0000] "POST /api/auth/login HTTP/1.1" 200 251 "http://localhost:5173/" "Mozilla/5.0 (Windows NT 10.0; Win64; x64) AppleWebKit/537.36 (KHTML, like Gecko) Code/1.125.1 Chrome/148.0.7778.97 Electron/42.2.0 Safari/537.36"
::1 - - [20/Jun/2026:01:32:39 +0000] "OPTIONS /api/jokes HTTP/1.1" 204 0 "http://localhost:5173/" "Mozilla/5.0 (Windows NT 10.0; Win64; x64) AppleWebKit/537.36 (KHTML, like Gecko) Code/1.125.1 Chrome/148.0.7778.97 Electron/42.2.0 Safari/537.36"
::1 - - [20/Jun/2026:01:32:39 +0000] "POST /api/jokes HTTP/1.1" 201 48 "http://localhost:5173/" "Mozilla/5.0 (Windows NT 10.0; Win64; x64) AppleWebKit/537.36 (KHTML, like Gecko) Code/1.125.1 Chrome/148.0.7778.97 Electron/42.2.0 Safari/537.36"
::1 - - [20/Jun/2026:01:32:44 +0000] "OPTIONS /api/jokes?category=Misc&lang=en&amount=1 HTTP/1.1" 204 0 "http://localhost:5173/" "Mozilla/5.0 (Windows NT 10.0; Win64; x64) AppleWebKit/537.36 (KHTML, like Gecko) Code/1.125.1 Chrome/148.0.7778.97 Electron/42.2.0 Safari/537.36"
::1 - - [20/Jun/2026:01:32:44 +0000] "GET /api/jokes?category=Misc&lang=en&amount=1 HTTP/1.1" 200 257 "http://localhost:5173/" "Mozilla/5.0 (Windows NT 10.0; Win64; x64) AppleWebKit/537.36 (KHTML, like Gecko) Code/1.125.1 Chrome/148.0.7778.97 Electron/42.2.0 Safari/537.36"
::1 - - [20/Jun/2026:01:32:49 +0000] "OPTIONS /api/jokes?category=Misc&lang=en&amount=1 HTTP/1.1" 204 0 "http://localhost:5173/" "Mozilla/5.0 (Windows NT 10.0; Win64; x64) AppleWebKit/537.36 (KHTML, like Gecko) Code/1.125.1 Chrome/148.0.7778.97 Electron/42.2.0 Safari/537.36"
::1 - - [20/Jun/2026:01:32:49 +0000] "GET /api/jokes?category=Misc&lang=en&amount=1 HTTP/1.1" 200 256 "http://localhost:5173/" "Mozilla/5.0 (Windows NT 10.0; Win64; x64) AppleWebKit/537.36 (KHTML, like Gecko) Code/1.125.1 Chrome/148.0.7778.97 Electron/42.2.0 Safari/537.36"
::1 - - [20/Jun/2026:01:32:49 +0000] "GET /api/jokes?category=Misc&lang=en&amount=1 HTTP/1.1" 304 - "http://localhost:5173/" "Mozilla/5.0 (Windows NT 10.0; Win64; x64) AppleWebKit/537.36 (KHTML, like Gecko) Code/1.125.1 Chrome/148.0.7778.97 Electron/42.2.0 Safari/537.36"
::1 - - [20/Jun/2026:01:32:53 +0000] "OPTIONS /api/jokes?category=Pun&lang=en&amount=1 HTTP/1.1" 204 0 "http://localhost:5173/" "Mozilla/5.0 (Windows NT 10.0; Win64; x64) AppleWebKit/537.36 (KHTML, like Gecko) Code/1.125.1 Chrome/148.0.7778.97 Electron/42.2.0 Safari/537.36"
::1 - - [20/Jun/2026:01:32:54 +0000] "GET /api/jokes?category=Pun&lang=en&amount=1 HTTP/1.1" 200 304 "http://localhost:5173/" "Mozilla/5.0 (Windows NT 10.0; Win64; x64) AppleWebKit/537.36 (KHTML, like Gecko) Code/1.125.1 Chrome/148.0.7778.97 Electron/42.2.0 Safari/537.36"
::1 - - [20/Jun/2026:01:33:08 +0000] "OPTIONS /api/jokes?category=Christmas&lang=pt&amount=1 HTTP/1.1" 204 0 "http://localhost:5173/" "Mozilla/5.0 (Windows NT 10.0; Win64; x64) AppleWebKit/537.36 (KHTML, like Gecko) Code/1.125.1 Chrome/148.0.7778.97 Electron/42.2.0 Safari/537.36"
::1 - - [20/Jun/2026:01:33:09 +0000] "GET /api/jokes?category=Christmas&lang=pt&amount=1 HTTP/1.1" 404 67 "http://localhost:5173/" "Mozilla/5.0 (Windows NT 10.0; Win64; x64) AppleWebKit/537.36 (KHTML, like Gecko) Code/1.125.1 Chrome/148.0.7778.97 Electron/42.2.0 Safari/537.36"
::1 - - [20/Jun/2026:01:33:18 +0000] "OPTIONS /api/jokes?category=Any&lang=pt&amount=1 HTTP/1.1" 204 0 "http://localhost:5173/" "Mozilla/5.0 (Windows NT 10.0; Win64; x64) AppleWebKit/537.36 (KHTML, like Gecko) Code/1.125.1 Chrome/148.0.7778.97 Electron/42.2.0 Safari/537.36"
::1 - - [20/Jun/2026:01:33:18 +0000] "GET /api/jokes?category=Any&lang=pt&amount=1 HTTP/1.1" 200 194 "http://localhost:5173/" "Mozilla/5.0 (Windows NT 10.0; Win64; x64) AppleWebKit/537.36 (KHTML, like Gecko) Code/1.125.1 Chrome/148.0.7778.97 Electron/42.2.0 Safari/537.36"
::1 - - [20/Jun/2026:01:33:19 +0000] "GET /api/jokes?category=Any&lang=pt&amount=1 HTTP/1.1" 200 193 "http://localhost:5173/" "Mozilla/5.0 (Windows NT 10.0; Win64; x64) AppleWebKit/537.36 (KHTML, like Gecko) Code/1.125.1 Chrome/148.0.7778.97 Electron/42.2.0 Safari/537.36"
::1 - - [20/Jun/2026:01:33:20 +0000] "GET /api/jokes?category=Any&lang=pt&amount=1 HTTP/1.1" 304 - "http://localhost:5173/" "Mozilla/5.0 (Windows NT 10.0; Win64; x64) AppleWebKit/537.36 (KHTML, like Gecko) Code/1.125.1 Chrome/148.0.7778.97 Electron/42.2.0 Safari/537.36"
::1 - - [20/Jun/2026:01:33:24 +0000] "OPTIONS /api/jokes?category=Any&lang=fr&amount=1 HTTP/1.1" 204 0 "http://localhost:5173/" "Mozilla/5.0 (Windows NT 10.0; Win64; x64) AppleWebKit/537.36 (KHTML, like Gecko) Code/1.125.1 Chrome/148.0.7778.97 Electron/42.2.0 Safari/537.36"
::1 - - [20/Jun/2026:01:33:25 +0000] "GET /api/jokes?category=Any&lang=fr&amount=1 HTTP/1.1" 200 261 "http://localhost:5173/" "Mozilla/5.0 (Windows NT 10.0; Win64; x64) AppleWebKit/537.36 (KHTML, like Gecko) Code/1.125.1 Chrome/148.0.7778.97 Electron/42.2.0 Safari/537.36"
::1 - - [20/Jun/2026:01:33:30 +0000] "OPTIONS /api/jokes?category=Programming&lang=pt&amount=1 HTTP/1.1" 204 0 "http://localhost:5173/" "Mozilla/5.0 (Windows NT 10.0; Win64; x64) AppleWebKit/537.36 (KHTML, like Gecko) Code/1.125.1 Chrome/148.0.7778.97 Electron/42.2.0 Safari/537.36"
::1 - - [20/Jun/2026:01:33:30 +0000] "GET /api/jokes?category=Programming&lang=pt&amount=1 HTTP/1.1" 200 194 "http://localhost:5173/" "Mozilla/5.0 (Windows NT 10.0; Win64; x64) AppleWebKit/537.36 (KHTML, like Gecko) Code/1.125.1 Chrome/148.0.7778.97 Electron/42.2.0 Safari/537.36"
::1 - - [20/Jun/2026:01:33:31 +0000] "GET /api/jokes?category=Programming&lang=pt&amount=1 HTTP/1.1" 200 193 "http://localhost:5173/" "Mozilla/5.0 (Windows NT 10.0; Win64; x64) AppleWebKit/537.36 (KHTML, like Gecko) Code/1.125.1 Chrome/148.0.7778.97 Electron/42.2.0 Safari/537.36"
::1 - - [20/Jun/2026:01:33:33 +0000] "OPTIONS /api/jokes?category=Misc&lang=pt&amount=1 HTTP/1.1" 204 0 "http://localhost:5173/" "Mozilla/5.0 (Windows NT 10.0; Win64; x64) AppleWebKit/537.36 (KHTML, like Gecko) Code/1.125.1 Chrome/148.0.7778.97 Electron/42.2.0 Safari/537.36"
::1 - - [20/Jun/2026:01:33:33 +0000] "GET /api/jokes?category=Misc&lang=pt&amount=1 HTTP/1.1" 200 220 "http://localhost:5173/" "Mozilla/5.0 (Windows NT 10.0; Win64; x64) AppleWebKit/537.36 (KHTML, like Gecko) Code/1.125.1 Chrome/148.0.7778.97 Electron/42.2.0 Safari/537.36"
::1 - - [20/Jun/2026:01:33:38 +0000] "OPTIONS /api/auth/logout HTTP/1.1" 204 0 "http://localhost:5173/" "Mozilla/5.0 (Windows NT 10.0; Win64; x64) AppleWebKit/537.36 (KHTML, like Gecko) Code/1.125.1 Chrome/148.0.7778.97 Electron/42.2.0 Safari/537.36"
::1 - - [20/Jun/2026:01:33:38 +0000] "POST /api/auth/logout HTTP/1.1" 200 43 "http://localhost:5173/" "Mozilla/5.0 (Windows NT 10.0; Win64; x64) AppleWebKit/537.36 (KHTML, like Gecko) Code/1.125.1 Chrome/148.0.7778.97 Electron/42.2.0 Safari/537.36"
